INFO [2026-03-07 17:20:40] $x
INFO [2026-03-07 17:20:40] venn_list_intragenic
INFO [2026-03-07 17:20:40] 
INFO [2026-03-07 17:20:40] $category.names
INFO [2026-03-07 17:20:40] c("set2", "This work")
INFO [2026-03-07 17:20:40] 
INFO [2026-03-07 17:20:40] $filename
INFO [2026-03-07 17:20:40] paste(results_dir, "PMC9239280_vs_my_data_UM_ATGCAT_venn_intra_fig_S4.1D.png", 
INFO [2026-03-07 17:20:40]     sep = "/")
INFO [2026-03-07 17:20:40] 
INFO [2026-03-07 17:20:40] $output
INFO [2026-03-07 17:20:40] [1] TRUE
INFO [2026-03-07 17:20:40] 
INFO [2026-03-07 17:20:40] $imagetype
INFO [2026-03-07 17:20:40] [1] "png"
INFO [2026-03-07 17:20:40] 
INFO [2026-03-07 17:20:40] $height
INFO [2026-03-07 17:20:40] [1] 78
INFO [2026-03-07 17:20:40] 
INFO [2026-03-07 17:20:40] $width
INFO [2026-03-07 17:20:40] [1] 89
INFO [2026-03-07 17:20:40] 
INFO [2026-03-07 17:20:40] $units
INFO [2026-03-07 17:20:40] c("mm")
INFO [2026-03-07 17:20:40] 
INFO [2026-03-07 17:20:40] $resolution
INFO [2026-03-07 17:20:40] [1] 600
INFO [2026-03-07 17:20:40] 
INFO [2026-03-07 17:20:40] $compression
INFO [2026-03-07 17:20:40] [1] "lzw"
INFO [2026-03-07 17:20:40] 
INFO [2026-03-07 17:20:40] $lwd
INFO [2026-03-07 17:20:40] [1] 1
INFO [2026-03-07 17:20:40] 
INFO [2026-03-07 17:20:40] $col
INFO [2026-03-07 17:20:40] c("#7F7F7FFF", "#FF9896FF")
INFO [2026-03-07 17:20:40] 
INFO [2026-03-07 17:20:40] $fill
INFO [2026-03-07 17:20:40] c(alpha("#7F7F7FFF", 0.5), alpha("#FF9896FF", 0.5))
INFO [2026-03-07 17:20:40] 
INFO [2026-03-07 17:20:40] $cex
INFO [2026-03-07 17:20:40] [1] 0.6
INFO [2026-03-07 17:20:40] 
INFO [2026-03-07 17:20:40] $fontfamily
INFO [2026-03-07 17:20:40] [1] "Arial"
INFO [2026-03-07 17:20:40] 
INFO [2026-03-07 17:20:40] $cat.cex
INFO [2026-03-07 17:20:40] [1] 0.7
INFO [2026-03-07 17:20:40] 
INFO [2026-03-07 17:20:40] $cat.default.pos
INFO [2026-03-07 17:20:40] [1] "outer"
INFO [2026-03-07 17:20:40] 
INFO [2026-03-07 17:20:40] $cat.pos
INFO [2026-03-07 17:20:40] c(-27, 135)
INFO [2026-03-07 17:20:40] 
INFO [2026-03-07 17:20:40] $cat.fontfamily
INFO [2026-03-07 17:20:40] [1] "Arial"
INFO [2026-03-07 17:20:40] 
